
> webpods-monorepo@0.0.1 test
> npm run test:integration 2


> webpods-monorepo@0.0.1 test:integration
> cd node/packages/webpods-integration-tests && npm test 2


> webpods-integration-tests@0.0.1 test
> mocha --exit 2

